%!Adobe-FontList 1.23
%Locale:0x409

%BeginFont
Handler:DirectoryHandler
FontType:Invalid
OutlineFileName:/Users/c.lente/Creative Cloud Files/2023_Encours/20230622-refonte-tracts-jevotecgt/modele3/INDD modele3/Document fonts/AdobeFnt23.lst
FileLength:1709
FileModTime:710862599
%EndFont

%BeginFont
Handler:DirectoryHandler
FontType:TrueType
FontName:Barlow-Black
FamilyName:Barlow
StyleName:Black
MenuName:Barlow Black
StyleBits:0
WeightClass:900
WidthClass:5
AngleClass:0
FullName:Barlow Black
WritingScript:Roman
OutlineFileName:/Users/c.lente/Creative Cloud Files/2023_Encours/20230622-refonte-tracts-jevotecgt/modele3/INDD modele3/Document fonts/Barlow-Black.ttf
DataFormat:sfntData
hasSVG:no
hasCOLR:no
VariableFontType:NonVariableFont
FileLength:105888
FileModTime:685517230
NameArray:0,Win,1,Barlow Black
NameArray:0,Win,16,Barlow
%EndFont

%BeginFont
Handler:DirectoryHandler
FontType:TrueType
FontName:Barlow-Medium
FamilyName:Barlow
StyleName:Medium
MenuName:Barlow Medium
StyleBits:0
WeightClass:500
WidthClass:5
AngleClass:0
FullName:Barlow Medium
WritingScript:Roman
OutlineFileName:/Users/c.lente/Creative Cloud Files/2023_Encours/20230622-refonte-tracts-jevotecgt/modele3/INDD modele3/Document fonts/Barlow-Medium.ttf
DataFormat:sfntData
hasSVG:no
hasCOLR:no
VariableFontType:NonVariableFont
FileLength:98244
FileModTime:685517230
NameArray:0,Win,1,Barlow Medium
NameArray:0,Win,16,Barlow
%EndFont

%BeginFont
Handler:DirectoryHandler
FontType:TrueType
FontName:Roboto-BoldItalic
FamilyName:Roboto
StyleName:Bold Italic
MenuName:Roboto
StyleBits:3
WeightClass:700
WidthClass:5
AngleClass:1
FullName:Roboto Bold Italic
WritingScript:Roman
OutlineFileName:/Users/c.lente/Creative Cloud Files/2023_Encours/20230622-refonte-tracts-jevotecgt/modele3/INDD modele3/Document fonts/Roboto-BoldItalic.ttf
DataFormat:sfntData
hasSVG:no
hasCOLR:no
VariableFontType:NonVariableFont
FileLength:171508
FileModTime:685517230
NameArray:0,Win,1,Roboto
%EndFont

